C51 COMPILER V9.60.0.0   BSP                                                               11/18/2022 17:17:26 PAGE 1   


C51 COMPILER V9.60.0.0, COMPILATION OF MODULE BSP
OBJECT MODULE PLACED IN .\Objects\bsp.obj
COMPILER INVOKED BY: D:\keil5\C51\BIN\C51.EXE ..\BSP\bsp.c OPTIMIZE(8,SPEED) BROWSE INCDIR(..\BSP;..\BSP\bsp_key) DEBUG 
                    -OBJECTEXTEND PRINT(.\Listings\bsp.lst) OBJECT(.\Objects\bsp.obj)

line level    source

   1          /*
   2           * @Author: liubotao
   3           * @Date: 2022-11-18 00:32:28
   4           * @LastEditors: liubotao
   5           * @LastEditTime: 2022-11-18 02:54:30
   6           * @FilePath: \test51\BSP\bsp.c
   7           * @Description: 中断和驱动初始化
   8           *
   9           */
  10          #include "bsp.h"
  11          
  12          static void task10ms();
  13          
  14          void bspInit()
  15          {
  16   1              bsp_InitKeyVar();
*** WARNING C206 IN LINE 16 OF ..\BSP\bsp.c: 'bsp_InitKeyVar': missing function-prototype
  17   1          timer0Init();
  18   1              
  19   1      }
  20          
  21          void timer0Init()
  22          {
  23   1          TMOD |= 0X10;
  24   1      
  25   1          TH1 = 0XFC; //定时1ms
  26   1          TL1 = 0X18;
  27   1          ET1 = 1;
  28   1          EA = 1;
  29   1          TR1 = 1;
  30   1      }
  31          
  32          void Timer1() interrupt 3
  33          {
  34   1          static int time_num;
  35   1          TH1 = 0XFC; //定时1ms
  36   1          TL1 = 0X18;
  37   1          time_num++;
  38   1          if (time_num == 10) // 10ms
  39   1          {
  40   2              time_num = 0;
  41   2              task10ms();
  42   2          }
  43   1      }
  44          
  45          static void task10ms()
  46          {
  47   1          // matrixKeyScan_1();
  48   1          // matrixKeyScan_2();
  49   1          matrixKeyScan_3();
  50   1              bsp_KeyScan();
  51   1      }


C51 COMPILER V9.60.0.0   BSP                                                               11/18/2022 17:17:26 PAGE 2   

MODULE INFORMATION:   STATIC OVERLAYABLE
   CODE SIZE        =    111    ----
   CONSTANT SIZE    =   ----    ----
   XDATA SIZE       =   ----    ----
   PDATA SIZE       =   ----    ----
   DATA SIZE        =      2    ----
   IDATA SIZE       =   ----    ----
   BIT SIZE         =   ----    ----
END OF MODULE INFORMATION.


C51 COMPILATION COMPLETE.  1 WARNING(S),  0 ERROR(S)
