C51 COMPILER V9.60.0.0   BSP                                                               11/18/2022 02:54:55 PAGE 1   


C51 COMPILER V9.60.0.0, COMPILATION OF MODULE BSP
OBJECT MODULE PLACED IN .\Objects\bsp.obj
COMPILER INVOKED BY: D:\keil5\C51\BIN\C51.EXE ..\BSP\bsp.c OPTIMIZE(8,SPEED) BROWSE INCDIR(..\BSP;..\BSP\bsp_key) DEBUG 
                    -OBJECTEXTEND PRINT(.\Listings\bsp.lst) OBJECT(.\Objects\bsp.obj)

line level    source

   1          /*
   2           * @Author: liubotao
   3           * @Date: 2022-11-18 00:32:28
   4           * @LastEditors: liubotao
   5           * @LastEditTime: 2022-11-18 02:54:30
   6           * @FilePath: \test51\BSP\bsp.c
   7           * @Description: 中断和驱动初始化
   8           *
   9           */
  10          #include "bsp.h"
  11          
  12          static void task10ms();
  13          
  14          void bspInit()
  15          {
  16   1          timer0Init();
  17   1      }
  18          
  19          void timer0Init()
  20          {
  21   1          TMOD |= 0X10;
  22   1      
  23   1          TH1 = 0XFC; //定时1ms
  24   1          TL1 = 0X18;
  25   1          ET1 = 1;
  26   1          EA = 1;
  27   1          TR1 = 1;
  28   1      }
  29          
  30          void Timer1() interrupt 3
  31          {
  32   1          static int time_num;
  33   1          TH1 = 0XFC; //定时1ms
  34   1          TL1 = 0X18;
  35   1          time_num++;
  36   1          if (time_num == 10) // 10ms
  37   1          {
  38   2              time_num = 0;
  39   2              task10ms();
  40   2          }
  41   1      }
  42          
  43          static void task10ms()
  44          {
  45   1          // matrixKeyScan_1();
  46   1          // matrixKeyScan_2();
  47   1          matrixKeyScan_3();
  48   1      }


MODULE INFORMATION:   STATIC OVERLAYABLE
   CODE SIZE        =    105    ----
   CONSTANT SIZE    =   ----    ----
   XDATA SIZE       =   ----    ----
C51 COMPILER V9.60.0.0   BSP                                                               11/18/2022 02:54:55 PAGE 2   

   PDATA SIZE       =   ----    ----
   DATA SIZE        =      2    ----
   IDATA SIZE       =   ----    ----
   BIT SIZE         =   ----    ----
END OF MODULE INFORMATION.


C51 COMPILATION COMPLETE.  0 WARNING(S),  0 ERROR(S)
