C51 COMPILER V9.60.0.0   MAIN                                                              11/21/2022 02:43:23 PAGE 1   


C51 COMPILER V9.60.0.0, COMPILATION OF MODULE MAIN
OBJECT MODULE PLACED IN .\Objects\main.obj
COMPILER INVOKED BY: D:\Keil_v5\C51\BIN\C51.EXE ..\USER\main.c OPTIMIZE(8,SPEED) BROWSE INCDIR(..\BSP;..\BSP\bsp_key;..\
                    -USER;..\BSP\bsp_lcd1602) DEBUG OBJECTEXTEND PRINT(.\Listings\main.lst) TABS(2) OBJECT(.\Objects\main.obj)

line level    source

   1          /*
   2           * @Author: liubotao
   3           * @Date: 2022-08-29 16:37:40
   4           * @LastEditors: liubotao
   5           * @LastEditTime: 2022-11-20 23:50:28
   6           * @FilePath: \test_51\USER\main.c
   7           * @Description: ¾ØÕó°´¼ü¼ì²â
   8           *
   9           */
  10          #include "reg51.h"
  11          #include "bsp.h"
  12          #include "fifo.h"
  13          //#define uint8_t unsigned char
  14          //#define uint16_t unsigned short int
  15          #define key P1
  16          #define led P2
  17          extern FIFO f_K;
  18          uint8_t code disBuffer[] = {0xc0, 0xf9, 0xa4, 0xb0, 0x99, 0x92, 0x82, 0xf8,
  19                        0x80, 0x90, 0x88, 0x83, 0xc6, 0xa1, 0x86, 0x8e};
  20          
  21          int main()
  22          {
  23   1        int KeyValue_1; //È«¾Öº¯Êý£¬¼üÖµ
  24   1      
  25   1        bspInit();
  26   1        while (1)
  27   1        {
  28   2          KeyValue_1=deQueue(&f_K);
  29   2          LcdShowStr(0,0,"okk");            //ÏÔÊ¾×Ö·û´®
  30   2      
  31   2          if (KeyValue >=0 && KeyValue < 16)
  32   2          {
  33   3            led = disBuffer[KeyValue];
  34   3          }
  35   2        }
  36   1      }
  37          //Ò»´Î²âÊÔ    


MODULE INFORMATION:   STATIC OVERLAYABLE
   CODE SIZE        =     67    ----
   CONSTANT SIZE    =     20    ----
   XDATA SIZE       =   ----    ----
   PDATA SIZE       =   ----    ----
   DATA SIZE        =   ----       2
   IDATA SIZE       =   ----    ----
   BIT SIZE         =   ----    ----
END OF MODULE INFORMATION.


C51 COMPILATION COMPLETE.  0 WARNING(S),  0 ERROR(S)
